// Jest Snapshot v1, https://goo.gl/fbAQLP

exports[`Textarea Component it should render a Textarea 1`] = `
.c0 {
  padding: 16px;
  background-color: primaryDark;
  color: contrast;
  border-radius: 6px;
  font-family: text;
  font-size: 16px;
  border: 2px solid transparent;
  outline: none;
  resize: none;
  line-height: 1.5;
}

.c0:focus {
  border-color: accent;
}

.c0::-webkit-input-placeholder {
  color: primaryLight;
}

.c0::-moz-placeholder {
  color: primaryLight;
}

.c0:-ms-input-placeholder {
  color: primaryLight;
}

.c0::placeholder {
  color: primaryLight;
}

@media (min-width:52em) {
  .c0 {
    resize: vertical;
  }
}

<textarea
  class="c0"
  data-testid="bio"
  name="bio"
  placeholder="type something about you"
  rows="4"
/>
`;
